ERR-SYN-INDICE
ERR-SYN-INDICE
ERR-SYN-IRRECUPERAVEL
WAR-SYN-NOT-GEN-SYNTAX-TREE
