ERR-SYN-INDICE
ERR-SYN-INDICE
WAR-SYN-GEN-SYNTAX-TREE
WAR-SYN-OUTPUT-FILE
WAR-SYN-ANA-SUCCESS
