WAR-SYN-GEN-SYNTAX-TREE
WAR-SYN-OUTPUT-FILE
WAR-SYN-ANA-SUCCESS
