ERR-SYN-EOF-INESPERADO
ERR-SYN-IRRECUPERAVEL
WAR-SYN-NOT-GEN-SYN-TREE
