ERR-LEX-INV-CHAR
INTEIRO
DOIS_PONTOS
ID
VIRGULA
ID
