ID
ABRE_PARENTESE
INTEIRO
DOIS_PONTOS
ID
FECHA_PARENTESE
INTEIRO
DOIS_PONTOS
ID
ABRE_COLCHETE
NUM_INTEIRO
FECHA_COLCHETE
ERR-LEX-INV-CHAR
INTEIRO
DOIS_PONTOS
ID
ID
ID
ATRIBUICAO
NUM_INTEIRO
ATE
ID
MAIOR
NUM_INTEIRO
ID
ERR-LEX-INV-CHAR
ID
ID
ABRE_COLCHETE
ID
FECHA_COLCHETE
ATRIBUICAO
ID
ERR-LEX-INV-CHAR
NUM_INTEIRO
ID
ATRIBUICAO
ID
DIVIDE
NUM_INTEIRO
FIM
INTEIRO
DOIS_PONTOS
ID
ID
ATRIBUICAO
ID
MENOS
NUM_INTEIRO
REPITA
ESCREVA
ABRE_PARENTESE
ID
ABRE_COLCHETE
ID
FECHA_COLCHETE
FECHA_PARENTESE
ID
ATRIBUICAO
ID
MENOS
NUM_INTEIRO
ATE
ID
MENOR
NUM_INTEIRO
FIM
INTEIRO
ID
ABRE_PARENTESE
FECHA_PARENTESE
INTEIRO
DOIS_PONTOS
ID
LEIA
ABRE_PARENTESE
ID
FECHA_PARENTESE
ID
ABRE_PARENTESE
ID
FECHA_PARENTESE
FIM
