INTEIRO
DOIS_PONTOS
ID
VIRGULA
ID
ERR-LEX-INV-CHAR
