INTEIRO
ID
ABRE_PARENTESE
FECHA_PARENTESE
INTEIRO
DOIS_PONTOS
ID
ID
ATRIBUICAO
NUM_INTEIRO
REPITA
SE
ID
IGUAL
NUM_INTEIRO
ESCREVA
ABRE_PARENTESE
ERR-LEX-INV-CHAR
ID
NUM_INTEIRO
ERR-LEX-INV-CHAR
FECHA_PARENTESE
FIM
ID
MAIS
MAIS
ATE
ID
IGUAL
NUM_INTEIRO
RETORNA
ABRE_PARENTESE
NUM_INTEIRO
FECHA_PARENTESE
FIM
