ERR-SEM-MAIN-NOT-DECL
WAR-SEM-VAR-DECL-NOT-USED
WAR-SEM-VAR-DECL-NOT-USED
