WAR-SEM-VAR-DECL-PREV
WAR-SEM-VAR-DECL-INIT-NOT-USED
WAR-SEM-VAR-DECL-NOT-INIT
ERR-SEM-FUNC-RET-TYPE-ERROR
