ERR-SEM-VAR-NOT-DECL
WAR-SEM-VAR-DECL-INIT-NOT-USED
ERR-SEM-FUNC-RET-TYPE-ERROR
