WAR-SEM-VAR-DECL-NOT-INIT
ERR-SEM-FUNC-RET-TYPE-ERROR
