WAR-SEM-VAR-DECL-NOT-USED
WAR-SEM-IMP-COERC-OF-VAR
WAR-SEM-IMP-COERC-OF-RET-VAL
ERR-SEM-FUNC-RET-TYPE-ERROR
