ERR-SEM-FUNC-RET-TYPE-ERROR
WAR-SEM-VAR-DECL-INIT-NOT-USED
ERR-SEM-FUNC-RET-TYPE-ERROR
