ERR-SEM-VAR-NOT-DECL
WAR-SEM-ATR-DIFF-TYPES-IMP-COERC-OF-VAR
WAR-SEM-ATR-DIFF-TYPES-IMP-COERC-OF-EXP
WAR-SEM-ATR-DIFF-TYPES-IMP-COERC-OF-NUM
WAR-SEM-ATR-DIFF-TYPES-IMP-COERC-OF-RET-VAL
WAR-SEM-VAR-DECL-INIT-NOT-USED
ERR-SEM-FUNC-RET-TYPE-ERROR
