ERR-SEM-CALL-FUNC-MAIN-NOT-ALLOWED
WAR-SEM-IMP-COERC-OF-NUM
WAR-SEM-VAR-DECL-INIT-NOT-USED
WAR-SEM-IMP-COERC-OF-RET-VAL
ERR-SEM-FUNC-RET-TYPE-ERROR
ERR-SEM-FUNC-RET-TYPE-ERROR
