WAR-SEM-IMP-COERC-OF-VAR
WAR-SEM-IMP-COERC-OF-VAR
ERR-SEM-FUNC-RET-TYPE-ERROR
