ERR-SEM-CALL-FUNC-WITH-FEW-ARGS
ERR-SEM-CALL-FUNC-WITH-MANY-ARGS
ERR-SEM-FUNC-RET-TYPE-ERROR
WAR-SEM-ATR-DIFF-TYPES-IMP-COERC-OF-FUNC-ARG
WAR-SEM-ATR-DIFF-TYPES-IMP-COERC-OF-FUNC-ARG
WAR-SEM-ATR-DIFF-TYPES-IMP-COERC-OF-FUNC-ARG
WAR-SEM-VAR-DECL-INIT-NOT-USED
ERR-SEM-FUNC-RET-TYPE-ERROR
