WAR-SEM-FUNC-DECL-NOT-USED
WAR-SEM-IMP-COERC-OF-NUM
ERR-SEM-FUNC-RET-TYPE-ERROR
WAR-SEM-VAR-DECL-INIT-NOT-USED
WAR-SEM-CALL-REC-FUNC-MAIN
ERR-SEM-FUNC-RET-TYPE-ERROR
