ERR-SEM-CALL-FUNC-NOT-DECL
ERR-SEM-FUNC-RET-TYPE-ERROR
