ERR-SEM-ARRAY-INDEX-NOT-INT
WAR-SEM-VAR-DECL-NOT-USED
WAR-SEM-VAR-DECL-NOT-USED
WAR-SEM-VAR-DECL-NOT-USED
ERR-SEM-ARRAY-INDEX-NOT-INT
ERR-SEM-FUNC-RET-TYPE-ERROR
